components/Input.tsx(26,10): error TS2769: No overload matches this call.
  Overload 2 of 2, '(props: TextInputProps, context: any): TextInput', gave the following error.
    Type 'false | "" | 0 | 0n | { paddingLeft: number; } | null | undefined' is not assignable to type 'TextStyle | Falsy | RegisteredStyle<TextStyle> | RecursiveArray<TextStyle | Falsy | RegisteredStyle<TextStyle>> | readonly (TextStyle | ... 1 more ... | RegisteredStyle<...>)[]'.
      Type '0' is not assignable to type 'TextStyle | Falsy | RegisteredStyle<TextStyle> | RecursiveArray<TextStyle | Falsy | RegisteredStyle<TextStyle>> | readonly (TextStyle | ... 1 more ... | RegisteredStyle<...>)[]'.
  Overload 2 of 2, '(props: TextInputProps, context: any): TextInput', gave the following error.
    Type 'false | "" | 0 | 0n | { paddingRight: number; } | null | undefined' is not assignable to type 'TextStyle | Falsy | RegisteredStyle<TextStyle> | RecursiveArray<TextStyle | Falsy | RegisteredStyle<TextStyle>> | readonly (TextStyle | ... 1 more ... | RegisteredStyle<...>)[]'.
      Type '0' is not assignable to type 'TextStyle | Falsy | RegisteredStyle<TextStyle> | RecursiveArray<TextStyle | Falsy | RegisteredStyle<TextStyle>> | readonly (TextStyle | ... 1 more ... | RegisteredStyle<...>)[]'.
components/staff/ShelfDetailModal.tsx(1117,104): error TS18048: 'selectedBin' is possibly 'undefined'.
components/staff/ShelfDetailModal.tsx(1118,105): error TS18048: 'selectedBin' is possibly 'undefined'.
features/manager/company/PaymentStatusScreen.tsx(34,29): error TS2322: Type '"alert-triangle" | "check-shield"' is not assignable to type '"filter" | "bold" | "search" | "repeat" | "anchor" | "link" | "map" | "code" | "menu" | "table" | "video" | "circle" | "image" | "type" | "key" | "italic" | "underline" | "twitter" | ... 269 more ... | undefined'.
  Type '"check-shield"' is not assignable to type '"filter" | "bold" | "search" | "repeat" | "anchor" | "link" | "map" | "code" | "menu" | "table" | "video" | "circle" | "image" | "type" | "key" | "italic" | "underline" | "twitter" | ... 269 more ... | undefined'.
features/manager/inventory-count/CreateInventoryCountScreen.tsx(77,52): error TS2322: Type '{ children: Element; backgroundColor: string; onBackPress: () => void; }' is not assignable to type 'IntrinsicAttributes & SafeAreaHeaderProps'.
  Property 'onBackPress' does not exist on type 'IntrinsicAttributes & SafeAreaHeaderProps'.
features/manager/inventory-count/CreateInventoryCountScreen.tsx(126,145): error TS2339: Property 'userName' does not exist on type 'User'.
features/manager/inventory/InventoryManagementScreen.tsx(60,72): error TS2339: Property 'totalQuantity' does not exist on type 'Product'.
